// Jest Snapshot v1, https://goo.gl/fbAQLP

exports[`renders correctly 1`] = `
<div
  className="sc-bwzfXH calFvP"
>
  <button
    className="sc-htpNat NKeRk"
    onClick={[Function]}
  >
    Long Test
  </button>
  <button
    className="sc-htpNat NKeRk"
    onClick={[Function]}
  >
    Short Test
  </button>
</div>
`;
